------------------------------------------------------------
Timing Analyzer Summary
------------------------------------------------------------

Type  : Slow 1200mV 85C Model Setup 'CLOCK_50'
Slack : -217.270
TNS   : -13931.119

Type  : Slow 1200mV 85C Model Setup 'inputDriver:buttonsDriver|key1'
Slack : -4.490
TNS   : -11.970

Type  : Slow 1200mV 85C Model Setup 'inputDriver:buttonsDriver|key0'
Slack : -4.171
TNS   : -12.508

Type  : Slow 1200mV 85C Model Setup 'inputDriver:buttonsDriver|both'
Slack : 0.341
TNS   : 0.000

Type  : Slow 1200mV 85C Model Hold 'CLOCK_50'
Slack : 0.311
TNS   : 0.000

Type  : Slow 1200mV 85C Model Hold 'inputDriver:buttonsDriver|key0'
Slack : 0.327
TNS   : 0.000

Type  : Slow 1200mV 85C Model Hold 'inputDriver:buttonsDriver|key1'
Slack : 0.328
TNS   : 0.000

Type  : Slow 1200mV 85C Model Hold 'inputDriver:buttonsDriver|both'
Slack : 0.371
TNS   : 0.000

Type  : Slow 1200mV 85C Model Minimum Pulse Width 'CLOCK_50'
Slack : -3.000
TNS   : -232.736

Type  : Slow 1200mV 85C Model Minimum Pulse Width 'inputDriver:buttonsDriver|key0'
Slack : -1.222
TNS   : -3.666

Type  : Slow 1200mV 85C Model Minimum Pulse Width 'inputDriver:buttonsDriver|key1'
Slack : -1.222
TNS   : -3.666

Type  : Slow 1200mV 85C Model Minimum Pulse Width 'inputDriver:buttonsDriver|both'
Slack : -1.222
TNS   : -1.222

Type  : Slow 1200mV 0C Model Setup 'CLOCK_50'
Slack : -197.259
TNS   : -12638.514

Type  : Slow 1200mV 0C Model Setup 'inputDriver:buttonsDriver|key1'
Slack : -4.011
TNS   : -10.635

Type  : Slow 1200mV 0C Model Setup 'inputDriver:buttonsDriver|key0'
Slack : -3.695
TNS   : -11.080

Type  : Slow 1200mV 0C Model Setup 'inputDriver:buttonsDriver|both'
Slack : 0.398
TNS   : 0.000

Type  : Slow 1200mV 0C Model Hold 'CLOCK_50'
Slack : 0.282
TNS   : 0.000

Type  : Slow 1200mV 0C Model Hold 'inputDriver:buttonsDriver|key0'
Slack : 0.297
TNS   : 0.000

Type  : Slow 1200mV 0C Model Hold 'inputDriver:buttonsDriver|key1'
Slack : 0.297
TNS   : 0.000

Type  : Slow 1200mV 0C Model Hold 'inputDriver:buttonsDriver|both'
Slack : 0.338
TNS   : 0.000

Type  : Slow 1200mV 0C Model Minimum Pulse Width 'CLOCK_50'
Slack : -3.000
TNS   : -232.736

Type  : Slow 1200mV 0C Model Minimum Pulse Width 'inputDriver:buttonsDriver|key0'
Slack : -1.222
TNS   : -3.666

Type  : Slow 1200mV 0C Model Minimum Pulse Width 'inputDriver:buttonsDriver|key1'
Slack : -1.222
TNS   : -3.666

Type  : Slow 1200mV 0C Model Minimum Pulse Width 'inputDriver:buttonsDriver|both'
Slack : -1.222
TNS   : -1.222

Type  : Fast 1200mV 0C Model Setup 'CLOCK_50'
Slack : -104.311
TNS   : -6615.403

Type  : Fast 1200mV 0C Model Setup 'inputDriver:buttonsDriver|key1'
Slack : -1.601
TNS   : -4.087

Type  : Fast 1200mV 0C Model Setup 'inputDriver:buttonsDriver|key0'
Slack : -1.472
TNS   : -4.412

Type  : Fast 1200mV 0C Model Setup 'inputDriver:buttonsDriver|both'
Slack : 0.694
TNS   : 0.000

Type  : Fast 1200mV 0C Model Hold 'CLOCK_50'
Slack : 0.143
TNS   : 0.000

Type  : Fast 1200mV 0C Model Hold 'inputDriver:buttonsDriver|key0'
Slack : 0.151
TNS   : 0.000

Type  : Fast 1200mV 0C Model Hold 'inputDriver:buttonsDriver|key1'
Slack : 0.151
TNS   : 0.000

Type  : Fast 1200mV 0C Model Hold 'inputDriver:buttonsDriver|both'
Slack : 0.170
TNS   : 0.000

Type  : Fast 1200mV 0C Model Minimum Pulse Width 'CLOCK_50'
Slack : -3.000
TNS   : -224.067

Type  : Fast 1200mV 0C Model Minimum Pulse Width 'inputDriver:buttonsDriver|key0'
Slack : -1.000
TNS   : -3.000

Type  : Fast 1200mV 0C Model Minimum Pulse Width 'inputDriver:buttonsDriver|key1'
Slack : -1.000
TNS   : -3.000

Type  : Fast 1200mV 0C Model Minimum Pulse Width 'inputDriver:buttonsDriver|both'
Slack : -1.000
TNS   : -1.000

------------------------------------------------------------
